// Jest Snapshot v1, https://goo.gl/fbAQLP

exports[`Pruebas en componente <AddCategory /> Debe de mostrarse correctamente 1`] = `
<form
  onSubmit={[Function]}
>
  <p />
  <h2>
    Add Category
  </h2>
  <input
    onChange={[Function]}
    type="text"
    value=""
  />
</form>
`;
